◇ injected env (10) from .env
◇ injected env (0) from .env.local
👑 Admin id: 8278530664
⚠️  Could not publish the command list: request to https://api.telegram.org/bot8206306628:[REDACTED]/setMyCommands failed, reason: 
[DB] Using Firestore, 4 order(s) loaded
[DB] Order store: firestore (4 order(s))
[WALLETS] Using Firestore, 0 wallet(s) loaded
[WALLETS] firestore (0 wallet(s))
[TOPUP] Ready - top-ups are placed through the SHOP2TOPUP order API
[STARTUP] Checking for unfinished top-ups...
[STARTUP] Nothing to recover
📩 UPDATE: 8278530664 🕹️  Games
📩 UPDATE: 8278530664 game_free_fire
📩 UPDATE: 8278530664 pick_free_fire~weekly_lite
📩 UPDATE: 8278530664 46737196450
[SHOP2TOPUP] Validating player 46737196450 for sub_category_id 109
[SHOP2TOPUP] Request body: {"sub_category_id":109,"player_id":"46737196450"}
[SHOP2TOPUP] Error code: PLAYER_NOT_FOUND, message: Player ID not found
📩 UPDATE: 8278530664 11927288867
[SHOP2TOPUP] Validating player 11927288867 for sub_category_id 109
[SHOP2TOPUP] Request body: {"sub_category_id":109,"player_id":"11927288867"}
📩 UPDATE: 8278530664 confirm_player
📩 UPDATE: 8278530664 confirm_order
📩 UPDATE: 8278530664 other
📩 UPDATE: 8278530664 approve_HG-341609-473FAD
[TOPUP] Order HG-341609-473FAD: placing provider order 1e875954-3b31-403c-85c1-d12746a0ef7e (sub_category_id 109, quantity 1)
[TOPUP] Order HG-341609-473FAD answered: failed (insufficient_balance)
📩 UPDATE: 8278530664 /orders
📩 UPDATE: 8278530664 /review
📩 UPDATE: 8278530664 review_order_HG-341609-473FAD
📩 UPDATE: 8278530664 review_done_HG-341609-473FAD
📩 UPDATE: 8278530664 /orders
📩 UPDATE: 8278530664 💳  Wallet
